---
source: crates/analyzer/tests/analysis.rs
expression: "build_snapshot(\"features/sized_vals_in_sto.fe\", &src, &context)"

---
ModuleAttributes {
    type_defs: {
        "Foo": Contract(
            Contract {
                name: "Foo",
                functions: [
                    FunctionAttributes {
                        is_public: true,
                        name: "emit_event",
                        params: [],
                        return_type: Base(
                            Unit,
                        ),
                    },
                    FunctionAttributes {
                        is_public: true,
                        name: "read_num",
                        params: [],
                        return_type: Base(
                            Numeric(
                                U256,
                            ),
                        ),
                    },
                    FunctionAttributes {
                        is_public: true,
                        name: "read_nums",
                        params: [],
                        return_type: Array(
                            Array {
                                size: 42,
                                inner: Numeric(
                                    U256,
                                ),
                            },
                        ),
                    },
                    FunctionAttributes {
                        is_public: true,
                        name: "read_str",
                        params: [],
                        return_type: String(
                            FeString {
                                max_size: 26,
                            },
                        ),
                    },
                    FunctionAttributes {
                        is_public: true,
                        name: "write_num",
                        params: [
                            (
                                "x",
                                Base(
                                    Numeric(
                                        U256,
                                    ),
                                ),
                            ),
                        ],
                        return_type: Base(
                            Unit,
                        ),
                    },
                    FunctionAttributes {
                        is_public: true,
                        name: "write_nums",
                        params: [
                            (
                                "x",
                                Array(
                                    Array {
                                        size: 42,
                                        inner: Numeric(
                                            U256,
                                        ),
                                    },
                                ),
                            ),
                        ],
                        return_type: Base(
                            Unit,
                        ),
                    },
                    FunctionAttributes {
                        is_public: true,
                        name: "write_str",
                        params: [
                            (
                                "x",
                                String(
                                    FeString {
                                        max_size: 26,
                                    },
                                ),
                            ),
                        ],
                        return_type: Base(
                            Unit,
                        ),
                    },
                ],
            },
        ),
    },
}

note: 
   ┌─ features/sized_vals_in_sto.fe:12:9
   │
12 │         self.num = x
   │         ^^^^^^^^ attributes hash: 15242400217978318652
   │
   = ExpressionAttributes {
         typ: Base(
             Numeric(
                 U256,
             ),
         ),
         location: Storage {
             nonce: Some(
                 0,
             ),
         },
         move_location: None,
     }

note: 
   ┌─ features/sized_vals_in_sto.fe:12:20
   │
12 │         self.num = x
   │                    ^ attributes hash: 1230752710897721197
   │
   = ExpressionAttributes {
         typ: Base(
             Numeric(
                 U256,
             ),
         ),
         location: Value,
         move_location: None,
     }

note: 
   ┌─ features/sized_vals_in_sto.fe:15:16
   │
15 │         return self.num
   │                ^^^^^^^^ attributes hash: 9658275715484404641
   │
   = ExpressionAttributes {
         typ: Base(
             Numeric(
                 U256,
             ),
         ),
         location: Storage {
             nonce: Some(
                 0,
             ),
         },
         move_location: Some(
             Value,
         ),
     }

note: 
   ┌─ features/sized_vals_in_sto.fe:18:9
   │
18 │         self.nums = x
   │         ^^^^^^^^^ attributes hash: 1471315834319566899
   │
   = ExpressionAttributes {
         typ: Array(
             Array {
                 size: 42,
                 inner: Numeric(
                     U256,
                 ),
             },
         ),
         location: Storage {
             nonce: Some(
                 1,
             ),
         },
         move_location: None,
     }

note: 
   ┌─ features/sized_vals_in_sto.fe:18:21
   │
18 │         self.nums = x
   │                     ^ attributes hash: 16513365319560459372
   │
   = ExpressionAttributes {
         typ: Array(
             Array {
                 size: 42,
                 inner: Numeric(
                     U256,
                 ),
             },
         ),
         location: Memory,
         move_location: None,
     }

note: 
   ┌─ features/sized_vals_in_sto.fe:21:16
   │
21 │         return self.nums.to_mem()
   │                ^^^^^^^^^ attributes hash: 1471315834319566899
   │
   = ExpressionAttributes {
         typ: Array(
             Array {
                 size: 42,
                 inner: Numeric(
                     U256,
                 ),
             },
         ),
         location: Storage {
             nonce: Some(
                 1,
             ),
         },
         move_location: None,
     }

note: 
   ┌─ features/sized_vals_in_sto.fe:21:16
   │
21 │         return self.nums.to_mem()
   │                ^^^^^^^^^^^^^^^^^^ attributes hash: 11045400286227708051
   │
   = ExpressionAttributes {
         typ: Array(
             Array {
                 size: 42,
                 inner: Numeric(
                     U256,
                 ),
             },
         ),
         location: Storage {
             nonce: Some(
                 1,
             ),
         },
         move_location: Some(
             Memory,
         ),
     }

note: 
   ┌─ features/sized_vals_in_sto.fe:24:9
   │
24 │         self.str = x
   │         ^^^^^^^^ attributes hash: 34347212640650539
   │
   = ExpressionAttributes {
         typ: String(
             FeString {
                 max_size: 26,
             },
         ),
         location: Storage {
             nonce: Some(
                 2,
             ),
         },
         move_location: None,
     }

note: 
   ┌─ features/sized_vals_in_sto.fe:24:20
   │
24 │         self.str = x
   │                    ^ attributes hash: 14973471776641027740
   │
   = ExpressionAttributes {
         typ: String(
             FeString {
                 max_size: 26,
             },
         ),
         location: Memory,
         move_location: None,
     }

note: 
   ┌─ features/sized_vals_in_sto.fe:27:16
   │
27 │         return self.str.to_mem()
   │                ^^^^^^^^ attributes hash: 34347212640650539
   │
   = ExpressionAttributes {
         typ: String(
             FeString {
                 max_size: 26,
             },
         ),
         location: Storage {
             nonce: Some(
                 2,
             ),
         },
         move_location: None,
     }

note: 
   ┌─ features/sized_vals_in_sto.fe:27:16
   │
27 │         return self.str.to_mem()
   │                ^^^^^^^^^^^^^^^^^ attributes hash: 13231938364641770815
   │
   = ExpressionAttributes {
         typ: String(
             FeString {
                 max_size: 26,
             },
         ),
         location: Storage {
             nonce: Some(
                 2,
             ),
         },
         move_location: Some(
             Memory,
         ),
     }

note: 
   ┌─ features/sized_vals_in_sto.fe:31:17
   │
31 │             num=self.num,
   │                 ^^^^^^^^ attributes hash: 9658275715484404641
   │
   = ExpressionAttributes {
         typ: Base(
             Numeric(
                 U256,
             ),
         ),
         location: Storage {
             nonce: Some(
                 0,
             ),
         },
         move_location: Some(
             Value,
         ),
     }

note: 
   ┌─ features/sized_vals_in_sto.fe:32:18
   │
32 │             nums=self.nums.to_mem(),
   │                  ^^^^^^^^^ attributes hash: 1471315834319566899
   │
   = ExpressionAttributes {
         typ: Array(
             Array {
                 size: 42,
                 inner: Numeric(
                     U256,
                 ),
             },
         ),
         location: Storage {
             nonce: Some(
                 1,
             ),
         },
         move_location: None,
     }

note: 
   ┌─ features/sized_vals_in_sto.fe:32:18
   │
32 │             nums=self.nums.to_mem(),
   │                  ^^^^^^^^^^^^^^^^^^ attributes hash: 11045400286227708051
   │
   = ExpressionAttributes {
         typ: Array(
             Array {
                 size: 42,
                 inner: Numeric(
                     U256,
                 ),
             },
         ),
         location: Storage {
             nonce: Some(
                 1,
             ),
         },
         move_location: Some(
             Memory,
         ),
     }

note: 
   ┌─ features/sized_vals_in_sto.fe:33:17
   │
33 │             str=self.str.to_mem()
   │                 ^^^^^^^^ attributes hash: 34347212640650539
   │
   = ExpressionAttributes {
         typ: String(
             FeString {
                 max_size: 26,
             },
         ),
         location: Storage {
             nonce: Some(
                 2,
             ),
         },
         move_location: None,
     }

note: 
   ┌─ features/sized_vals_in_sto.fe:33:17
   │
33 │             str=self.str.to_mem()
   │                 ^^^^^^^^^^^^^^^^^ attributes hash: 13231938364641770815
   │
   = ExpressionAttributes {
         typ: String(
             FeString {
                 max_size: 26,
             },
         ),
         location: Storage {
             nonce: Some(
                 2,
             ),
         },
         move_location: Some(
             Memory,
         ),
     }

note: 
   ┌─ features/sized_vals_in_sto.fe:30:9
   │  
30 │ ╭         emit MyEvent(
31 │ │             num=self.num,
32 │ │             nums=self.nums.to_mem(),
33 │ │             str=self.str.to_mem()
34 │ │         )
   │ ╰─────────^ attributes hash: 12755436388436492077
   │  
   = EventDef {
         name: "MyEvent",
         fields: [
             (
                 "num",
                 Base(
                     Numeric(
                         U256,
                     ),
                 ),
             ),
             (
                 "nums",
                 Array(
                     Array {
                         size: 42,
                         inner: Numeric(
                             U256,
                         ),
                     },
                 ),
             ),
             (
                 "str",
                 String(
                     FeString {
                         max_size: 26,
                     },
                 ),
             ),
         ],
         indexed_fields: [],
     }

note: 
   ┌─ features/sized_vals_in_sto.fe:11:5
   │  
11 │ ╭     pub def write_num(x: u256):
12 │ │         self.num = x
   │ ╰────────────────────^ attributes hash: 4190346186254739408
   │  
   = FunctionAttributes {
         is_public: true,
         name: "write_num",
         params: [
             (
                 "x",
                 Base(
                     Numeric(
                         U256,
                     ),
                 ),
             ),
         ],
         return_type: Base(
             Unit,
         ),
     }

note: 
   ┌─ features/sized_vals_in_sto.fe:14:5
   │  
14 │ ╭     pub def read_num() -> u256:
15 │ │         return self.num
   │ ╰───────────────────────^ attributes hash: 18369887561931081857
   │  
   = FunctionAttributes {
         is_public: true,
         name: "read_num",
         params: [],
         return_type: Base(
             Numeric(
                 U256,
             ),
         ),
     }

note: 
   ┌─ features/sized_vals_in_sto.fe:17:5
   │  
17 │ ╭     pub def write_nums(x: u256[42]):
18 │ │         self.nums = x
   │ ╰─────────────────────^ attributes hash: 18176272542606463681
   │  
   = FunctionAttributes {
         is_public: true,
         name: "write_nums",
         params: [
             (
                 "x",
                 Array(
                     Array {
                         size: 42,
                         inner: Numeric(
                             U256,
                         ),
                     },
                 ),
             ),
         ],
         return_type: Base(
             Unit,
         ),
     }

note: 
   ┌─ features/sized_vals_in_sto.fe:20:5
   │  
20 │ ╭     pub def read_nums() -> u256[42]:
21 │ │         return self.nums.to_mem()
   │ ╰─────────────────────────────────^ attributes hash: 18017423867355310149
   │  
   = FunctionAttributes {
         is_public: true,
         name: "read_nums",
         params: [],
         return_type: Array(
             Array {
                 size: 42,
                 inner: Numeric(
                     U256,
                 ),
             },
         ),
     }

note: 
   ┌─ features/sized_vals_in_sto.fe:23:5
   │  
23 │ ╭     pub def write_str(x: String<26>):
24 │ │         self.str = x
   │ ╰────────────────────^ attributes hash: 701907601803704877
   │  
   = FunctionAttributes {
         is_public: true,
         name: "write_str",
         params: [
             (
                 "x",
                 String(
                     FeString {
                         max_size: 26,
                     },
                 ),
             ),
         ],
         return_type: Base(
             Unit,
         ),
     }

note: 
   ┌─ features/sized_vals_in_sto.fe:26:5
   │  
26 │ ╭     pub def read_str() -> String<26>:
27 │ │         return self.str.to_mem()
   │ ╰────────────────────────────────^ attributes hash: 6495104549159084966
   │  
   = FunctionAttributes {
         is_public: true,
         name: "read_str",
         params: [],
         return_type: String(
             FeString {
                 max_size: 26,
             },
         ),
     }

note: 
   ┌─ features/sized_vals_in_sto.fe:29:5
   │  
29 │ ╭     pub def emit_event():
30 │ │         emit MyEvent(
31 │ │             num=self.num,
32 │ │             nums=self.nums.to_mem(),
33 │ │             str=self.str.to_mem()
34 │ │         )
   │ ╰─────────^ attributes hash: 9704483544865649111
   │  
   = FunctionAttributes {
         is_public: true,
         name: "emit_event",
         params: [],
         return_type: Base(
             Unit,
         ),
     }

note: 
   ┌─ features/sized_vals_in_sto.fe:1:1
   │  
 1 │ ╭ contract Foo:
 2 │ │     num: u256
 3 │ │     nums: u256[42]
 4 │ │     str: String<26>
   · │
33 │ │             str=self.str.to_mem()
34 │ │         )
   │ ╰─────────^ attributes hash: 5920818002125761658
   │  
   = ContractAttributes {
         public_functions: [
             FunctionAttributes {
                 is_public: true,
                 name: "emit_event",
                 params: [],
                 return_type: Base(
                     Unit,
                 ),
             },
             FunctionAttributes {
                 is_public: true,
                 name: "read_num",
                 params: [],
                 return_type: Base(
                     Numeric(
                         U256,
                     ),
                 ),
             },
             FunctionAttributes {
                 is_public: true,
                 name: "read_nums",
                 params: [],
                 return_type: Array(
                     Array {
                         size: 42,
                         inner: Numeric(
                             U256,
                         ),
                     },
                 ),
             },
             FunctionAttributes {
                 is_public: true,
                 name: "read_str",
                 params: [],
                 return_type: String(
                     FeString {
                         max_size: 26,
                     },
                 ),
             },
             FunctionAttributes {
                 is_public: true,
                 name: "write_num",
                 params: [
                     (
                         "x",
                         Base(
                             Numeric(
                                 U256,
                             ),
                         ),
                     ),
                 ],
                 return_type: Base(
                     Unit,
                 ),
             },
             FunctionAttributes {
                 is_public: true,
                 name: "write_nums",
                 params: [
                     (
                         "x",
                         Array(
                             Array {
                                 size: 42,
                                 inner: Numeric(
                                     U256,
                                 ),
                             },
                         ),
                     ),
                 ],
                 return_type: Base(
                     Unit,
                 ),
             },
             FunctionAttributes {
                 is_public: true,
                 name: "write_str",
                 params: [
                     (
                         "x",
                         String(
                             FeString {
                                 max_size: 26,
                             },
                         ),
                     ),
                 ],
                 return_type: Base(
                     Unit,
                 ),
             },
         ],
         init_function: None,
         events: [
             EventDef {
                 name: "MyEvent",
                 fields: [
                     (
                         "num",
                         Base(
                             Numeric(
                                 U256,
                             ),
                         ),
                     ),
                     (
                         "nums",
                         Array(
                             Array {
                                 size: 42,
                                 inner: Numeric(
                                     U256,
                                 ),
                             },
                         ),
                     ),
                     (
                         "str",
                         String(
                             FeString {
                                 max_size: 26,
                             },
                         ),
                     ),
                 ],
                 indexed_fields: [],
             },
         ],
         structs: [],
         external_contracts: [],
     }

note: 
   ┌─ features/sized_vals_in_sto.fe:21:16
   │
21 │         return self.nums.to_mem()
   │                ^^^^^^^^^^^^^^^^ attributes hash: 15856680294290209687
   │
   = ValueAttribute

note: 
   ┌─ features/sized_vals_in_sto.fe:27:16
   │
27 │         return self.str.to_mem()
   │                ^^^^^^^^^^^^^^^ attributes hash: 15856680294290209687
   │
   = ValueAttribute

note: 
   ┌─ features/sized_vals_in_sto.fe:32:18
   │
32 │             nums=self.nums.to_mem(),
   │                  ^^^^^^^^^^^^^^^^ attributes hash: 15856680294290209687
   │
   = ValueAttribute

note: 
   ┌─ features/sized_vals_in_sto.fe:33:17
   │
33 │             str=self.str.to_mem()
   │                 ^^^^^^^^^^^^^^^ attributes hash: 15856680294290209687
   │
   = ValueAttribute

note: 
  ┌─ features/sized_vals_in_sto.fe:6:5
  │  
6 │ ╭     event MyEvent:
7 │ │         num: u256
8 │ │         nums: u256[42]
9 │ │         str: String<26>
  │ ╰───────────────────────^ attributes hash: 12755436388436492077
  │  
  = EventDef {
        name: "MyEvent",
        fields: [
            (
                "num",
                Base(
                    Numeric(
                        U256,
                    ),
                ),
            ),
            (
                "nums",
                Array(
                    Array {
                        size: 42,
                        inner: Numeric(
                            U256,
                        ),
                    },
                ),
            ),
            (
                "str",
                String(
                    FeString {
                        max_size: 26,
                    },
                ),
            ),
        ],
        indexed_fields: [],
    }

note: 
  ┌─ features/sized_vals_in_sto.fe:7:14
  │
7 │         num: u256
  │              ^^^^ attributes hash: 4293763436908729629
  │
  = Base(
        Numeric(
            U256,
        ),
    )

note: 
  ┌─ features/sized_vals_in_sto.fe:8:15
  │
8 │         nums: u256[42]
  │               ^^^^ attributes hash: 4293763436908729629
  │
  = Base(
        Numeric(
            U256,
        ),
    )

note: 
  ┌─ features/sized_vals_in_sto.fe:8:15
  │
8 │         nums: u256[42]
  │               ^^^^^^^^ attributes hash: 13311310269507036242
  │
  = Array(
        Array {
            size: 42,
            inner: Numeric(
                U256,
            ),
        },
    )

note: 
  ┌─ features/sized_vals_in_sto.fe:9:14
  │
9 │         str: String<26>
  │              ^^^^^^^^^^ attributes hash: 16414369909362201519
  │
  = String(
        FeString {
            max_size: 26,
        },
    )

note: 
   ┌─ features/sized_vals_in_sto.fe:11:26
   │
11 │     pub def write_num(x: u256):
   │                          ^^^^ attributes hash: 4293763436908729629
   │
   = Base(
         Numeric(
             U256,
         ),
     )

note: 
   ┌─ features/sized_vals_in_sto.fe:14:27
   │
14 │     pub def read_num() -> u256:
   │                           ^^^^ attributes hash: 4293763436908729629
   │
   = Base(
         Numeric(
             U256,
         ),
     )

note: 
   ┌─ features/sized_vals_in_sto.fe:17:27
   │
17 │     pub def write_nums(x: u256[42]):
   │                           ^^^^ attributes hash: 4293763436908729629
   │
   = Base(
         Numeric(
             U256,
         ),
     )

note: 
   ┌─ features/sized_vals_in_sto.fe:17:27
   │
17 │     pub def write_nums(x: u256[42]):
   │                           ^^^^^^^^ attributes hash: 13311310269507036242
   │
   = Array(
         Array {
             size: 42,
             inner: Numeric(
                 U256,
             ),
         },
     )

note: 
   ┌─ features/sized_vals_in_sto.fe:20:28
   │
20 │     pub def read_nums() -> u256[42]:
   │                            ^^^^ attributes hash: 4293763436908729629
   │
   = Base(
         Numeric(
             U256,
         ),
     )

note: 
   ┌─ features/sized_vals_in_sto.fe:20:28
   │
20 │     pub def read_nums() -> u256[42]:
   │                            ^^^^^^^^ attributes hash: 13311310269507036242
   │
   = Array(
         Array {
             size: 42,
             inner: Numeric(
                 U256,
             ),
         },
     )

note: 
   ┌─ features/sized_vals_in_sto.fe:23:26
   │
23 │     pub def write_str(x: String<26>):
   │                          ^^^^^^^^^^ attributes hash: 16414369909362201519
   │
   = String(
         FeString {
             max_size: 26,
         },
     )

note: 
   ┌─ features/sized_vals_in_sto.fe:26:27
   │
26 │     pub def read_str() -> String<26>:
   │                           ^^^^^^^^^^ attributes hash: 16414369909362201519
   │
   = String(
         FeString {
             max_size: 26,
         },
     )

note: 
  ┌─ features/sized_vals_in_sto.fe:2:10
  │
2 │     num: u256
  │          ^^^^ attributes hash: 4293763436908729629
  │
  = Base(
        Numeric(
            U256,
        ),
    )

note: 
  ┌─ features/sized_vals_in_sto.fe:3:11
  │
3 │     nums: u256[42]
  │           ^^^^ attributes hash: 4293763436908729629
  │
  = Base(
        Numeric(
            U256,
        ),
    )

note: 
  ┌─ features/sized_vals_in_sto.fe:3:11
  │
3 │     nums: u256[42]
  │           ^^^^^^^^ attributes hash: 13311310269507036242
  │
  = Array(
        Array {
            size: 42,
            inner: Numeric(
                U256,
            ),
        },
    )

note: 
  ┌─ features/sized_vals_in_sto.fe:4:10
  │
4 │     str: String<26>
  │          ^^^^^^^^^^ attributes hash: 16414369909362201519
  │
  = String(
        FeString {
            max_size: 26,
        },
    )


